Running product configuration...
============================================
PLATFORM_VERSION_CODENAME=REL
PLATFORM_VERSION=15
EVO_VERSION=10.3
TARGET_DEVICE=pdx245
TARGET_BUILD_VARIANT=userdebug
TARGET_ARCH=arm64
TARGET_ARCH_VARIANT=armv9-a
TARGET_CPU_VARIANT=kryo
HOST_OS=linux
HOST_OS_EXTRA=Linux-5.15.0-133-generic-x86_64-Ubuntu-22.04.5-LTS
HOST_CROSS_OS=windows
BUILD_ID=AP4A.250205.002
OUT_DIR=out
WITH_GMS=true
PRODUCT_SOONG_NAMESPACES=vendor/lineage/prebuilts device/sony/sm8650-common hardware/sony hardware/qcom-caf/sm8650/wifi vendor/qcom/opensource/usb/etc vendor/sony/sm8650-common vendor/sony vendor/sony/pdx245 vendor/sony/sm8650-common device/sony/pdx245 device/sony/pdx245/interfaces hardware/sony vendor/lineage hardware/qcom-caf/sm8550/display hardware/qcom-caf/sm8550/media hardware/interfaces/media/omx/1.0 hardware/interfaces/media/c2/1.0 hardware/interfaces/bluetooth/audio vendor/qcom/opensource/interfaces kernel/sony/pdx245 vendor/sony/pdx245/sensors vendor/sony/pdx245 hardware/qcom-caf/pineapple vendor/qcom/opensource/dataservices hardware/qcom-caf/wlan
============================================
Running globs...
[100% 1/1] analyzing Android.bp files and generating ninja file at out/soong/build.lineage_pdx245.ninja
FAILED: out/soong/build.lineage_pdx245.ninja
cd "$(dirname "out/host/linux-x86/bin/soong_build")" && BUILDER="$PWD/$(basename "out/host/linux-x86/bin/soong_build")" && cd / && env -i  "$BUILDER"     --top "$TOP"     --soong_out "out/soong"     --out "out"     --soong_variables out/soong/soong.lineage_pdx245.variables -o out/soong/build.lineage_pdx245.ninja -l out/.module_paths/Android.bp.list --available_env out/soong/soong.environment.available --used_env out/soong/soong.environment.used.lineage_pdx245.build Android.bp
error: vendor/sony/pdx245/Android.bp:2547:1: dependency "android.system.keystore2-V1-ndk" of "android.system.wifi.keystore-service" missing variant:
  os:android,link:shared
available variants:
  os:android,image:vendor,arch:arm64_armv9-a_kryo,link:static
  os:android,image:vendor,arch:arm64_armv9-a_kryo,link:shared
fatal errors encountered
ninja: build stopped: subcommand failed.
20:32:46 soong bootstrap failed with: exit status 1

[0;31m#### failed to build some targets (35 seconds) ####[00m

